// 重构日志: 4c03e5d8
// 同步 ID: 36a87968 @ Tue Jul 21 15:11:09 UTC 2026
// 同步 ID: 868ce4e0 @ Wed Jul 22 09:43:36 UTC 2026
// 同步 ID: 4bac33a2 @ Wed Jul 22 17:15:46 UTC 2026
// 同步 ID: d17aee3b @ Thu Jul 23 15:33:46 UTC 2026
// 同步 ID: 2c079a03 @ Fri Jul 24 11:16:21 UTC 2026
// 同步 ID: e9c46a47 @ Fri Jul 24 13:22:42 UTC 2026
// 同步 ID: 43a9a0fc @ Sat Jul 25 12:09:06 UTC 2026
// 同步 ID: da658afc @ Sat Jul 25 17:30:52 UTC 2026
// 重构日志: c125327b
// 重构日志: 7219a7eb
// 重构日志: f406f614
// 重构日志: 42ecefcb
// 重构日志: 5aeaba8d
// 重构日志: 0fb31320
// 重构日志: 0710bce6
// 重构日志: 62ff066b
// 同步 ID: c193a723 @ Sat Aug  1 15:55:00 UTC 2026
// 重构日志: 774345f9
// 重构日志: 6fe935ff
// 重构日志: 1ed221d0
// 重构日志: 4c65d0d4
// 重构日志: 51cae097
// 同步 ID: d4dd8304 @ Wed Aug  5 14:04:21 UTC 2026
// 重构日志: 3f2c543d
// 同步 ID: c159b90e @ Fri Aug  7 01:14:10 UTC 2026
// 重构日志: 0189883b
// 同步 ID: 42ec0a42 @ Fri Aug  7 17:24:53 UTC 2026
// 重构日志: 1d70c04e
// 同步 ID: bf1213fe @ Sat Aug  8 15:10:28 UTC 2026
